2-matrix_divided.matrix_divided
===============================

>>> matrix_divided = __import__('2-matrix_divided').matrix_divided

# Basic division
>>> matrix = [[1, 2, 3], [4, 5, 6]]
>>> matrix_divided(matrix, 3)
[[0.33, 0.67, 1.0], [1.33, 1.67, 2.0]]

# Test with floats
>>> matrix_divided([[1.5, 2.5], [3.5, 4.5]], 2)
[[0.75, 1.25], [1.75, 2.25]]

# Test with negative numbers
>>> matrix_divided([[-2, -4], [-6, -8]], -2)
[[1.0, 2.0], [3.0, 4.0]]

# Division by zero
>>> matrix_divided([[1, 2], [3, 4]], 0)
Traceback (most recent call last):
    ...
ZeroDivisionError: division by zero

# Invalid divisor
>>> matrix_divided([[1, 2], [3, 4]], "a")
Traceback (most recent call last):
    ...
TypeError: div must be a number

# Invalid matrix element
>>> matrix_divided([[1, 2], ["3", 4]], 2)
Traceback (most recent call last):
    ...
TypeError: matrix must be a matrix (list of lists) of integers/floats

# Rows of different sizes
>>> matrix_divided([[1, 2], [3, 4, 5]], 2)
Traceback (most recent call last):
    ...
TypeError: Each row of the matrix must have the same size