>>> text_indentation("Hello world. This is Python: Are you excited? Let's start!")
Hello world.
<BLANKLINE>
This is Python:
<BLANKLINE>
Are you excited?
<BLANKLINE>
Let's start!

>>> text_indentation("Simple text without special delimiters")
Simple text without special delimiters

>>> text_indentation("Trailing spaces after delimiter.    Next sentence?")
Trailing spaces after delimiter.
<BLANKLINE>
Next sentence?

>>> text_indentation("")
<BLANKLINE>

>>> text_indentation(12345)
Traceback (most recent call last):
    ...
TypeError: text must be a string